To honour the JVM settings for this build a single-use Daemon process will be forked. For more on this, please refer to https://docs.gradle.org/8.13/userguide/gradle_daemon.html#sec:disabling_the_daemon in the Gradle documentation.
Daemon will be stopped at the end of the build 
.\gradlew : Warning: SDK processing. This version only understands SDK XML 
versions up to 3 but an SDK XML file of version 4 was encountered. This can 
happen if you use versions of Android Studio and the command-line tools that 
were released at different times.
In Zeile:1 Zeichen:1
+ .\gradlew clean build --no-daemon 2>&1 | Tee-Object -FilePath build_o ...
+ ~~~~~~~~~~~~~~~~~~~~~~~~~~~~~~~~~~~~~~
    + CategoryInfo          : NotSpecified: (Warning: SDK pr...ifferent times. 
   :String) [], RemoteException
    + FullyQualifiedErrorId : NativeCommandError
 
> Task :app:clean
> Task :app:preBuild UP-TO-DATE
> Task :app:preDebugBuild UP-TO-DATE
> Task :app:mergeDebugNativeDebugMetadata NO-SOURCE
> Task :app:generateDebugResValues
> Task :app:checkDebugAarMetadata
> Task :app:mapDebugSourceSetPaths
> Task :app:generateDebugResources
> Task :app:packageDebugResources
> Task :app:createDebugCompatibleScreenManifests
> Task :app:extractDeepLinksDebug
> Task :app:mergeDebugResources
> Task :app:parseDebugLocalResources
> Task :app:processDebugMainManifest
> Task :app:processDebugManifest
> Task :app:mergeDebugShaders
> Task :app:javaPreCompileDebug
> Task :app:compileDebugShaders NO-SOURCE
> Task :app:generateDebugAssets UP-TO-DATE
> Task :app:mergeDebugAssets
> Task :app:compressDebugAssets
> Task :app:desugarDebugFileDependencies
> Task :app:processDebugManifestForPackage
> Task :app:processDebugResources
> Task :app:checkDebugDuplicateClasses
> Task :app:kaptGenerateStubsDebugKotlin
> Task :app:mergeExtDexDebug
> Task :app:mergeDebugJniLibFolders
> Task :app:mergeLibDexDebug
> Task :app:mergeDebugNativeLibs
> Task :app:validateSigningDebug
> Task :app:writeDebugAppMetadata
> Task :app:writeDebugSigningConfigVersions

> Task :app:stripDebugDebugSymbols
Unable to strip the following libraries, packaging them as they are: libdatastore_shared_counter.so.

> Task :app:buildKotlinToolingMetadata
> Task :app:preReleaseBuild UP-TO-DATE
> Task :app:checkReleaseAarMetadata
> Task :app:generateReleaseResValues
> Task :app:mapReleaseSourceSetPaths
> Task :app:generateReleaseResources

> Task :app:kaptGenerateStubsDebugKotlin
e: C:/Users/rafaelswitala/.gradle/caches/modules-2/files-2.1/org.jetbrains.kotl
in/kotlin-stdlib/1.9.22/d6c44cd08d8f3f9bece8101216dbe6553365c6e3/kotlin-stdlib-
1.9.22.jar!/META-INF/kotlin-stdlib-jdk7.kotlin_module: Module was compiled 
with an incompatible version of Kotlin. The binary version of its metadata is 
1.9.0, expected version is 1.7.1.
e: C:/Users/rafaelswitala/.gradle/caches/modules-2/files-2.1/org.jetbrains.kotl
in/kotlin-stdlib/1.9.22/d6c44cd08d8f3f9bece8101216dbe6553365c6e3/kotlin-stdlib-
1.9.22.jar!/META-INF/kotlin-stdlib-jdk8.kotlin_module: Module was compiled 
with an incompatible version of Kotlin. The binary version of its metadata is 
1.9.0, expected version is 1.7.1.
e: C:/Users/rafaelswitala/.gradle/caches/modules-2/files-2.1/org.jetbrains.kotl
in/kotlin-stdlib/1.9.22/d6c44cd08d8f3f9bece8101216dbe6553365c6e3/kotlin-stdlib-
1.9.22.jar!/META-INF/kotlin-stdlib.kotlin_module: Module was compiled with an 
incompatible version of Kotlin. The binary version of its metadata is 1.9.0, 
expected version is 1.7.1.
